contexts/AuthContext.tsx(3,114): error TS2307: Cannot find module '../api/auth' or its corresponding type declarations.
